// Jest Snapshot v1, https://goo.gl/fbAQLP

exports[`unfoldState turns a complex state with id=null into just {null, and warns 1`] = `"null is a special state to indicate that the field is not being tracked, but additional state data was provided. It has been removed"`;
