// Jest Snapshot v1, https://goo.gl/fbAQLP

exports[`restoreCmd throws an error if the db is not empty 1`] = `"Warning: db is not empty, aborting restore. Use --allow-nonempty to override."`;
